Removed Pin From Net: NetName=VCC Pin=C2-1
Removed Pin From Net: NetName=GND Pin=C3-1
Removed Pin From Net: NetName=GND Pin=C4-1
Removed Pin From Net: NetName=GND Pin=C5-2
Removed Pin From Net: NetName=GND Pin=C7-1
Removed Pin From Net: NetName=VCC Pin=C7-2
Removed Pin From Net: NetName=GND Pin=C8-1
Removed Pin From Net: NetName=VCC Pin=C8-2
Removed Pin From Net: NetName=GND Pin=C9-1
Removed Pin From Net: NetName=VCC Pin=C9-2
Removed Pin From Net: NetName=GND Pin=C10-2
Removed Pin From Net: NetName=GND Pin=C11-1
Removed Pin From Net: NetName=GND Pin=C12-2
Removed Pin From Net: NetName=OVCC Pin=C13-1
Removed Pin From Net: NetName=GND Pin=C13-2
Removed Pin From Net: NetName=GND Pin=C14-1
Removed Pin From Net: NetName=OVCC Pin=C14-2
Removed Pin From Net: NetName=GND Pin=C15-1
Removed Pin From Net: NetName=GND Pin=C16-2
Removed Pin From Net: NetName=GND Pin=C17-2
Removed Pin From Net: NetName=GND Pin=C18-1
Removed Pin From Net: NetName=VCC Pin=C19-1
Removed Pin From Net: NetName=GND Pin=C19-2
Removed Pin From Net: NetName=GND Pin=C23-1
Removed Pin From Net: NetName=GND Pin=C24-2
Removed Pin From Net: NetName=GND Pin=C25-2
Removed Pin From Net: NetName=GND Pin=C26-1
Removed Pin From Net: NetName=VCC Pin=C27A-1
Removed Pin From Net: NetName=GND Pin=C27A-2
Removed Pin From Net: NetName=VCC Pin=C27B-1
Removed Pin From Net: NetName=GND Pin=C27B-2
Removed Pin From Net: NetName=VCC Pin=C27C-1
Removed Pin From Net: NetName=GND Pin=C27C-2
Removed Pin From Net: NetName=VCC Pin=C27D-1
Removed Pin From Net: NetName=GND Pin=C27D-2
Removed Pin From Net: NetName=VCC Pin=C27E-1
Removed Pin From Net: NetName=GND Pin=C27E-2
Removed Pin From Net: NetName=VCC Pin=C27F-1
Removed Pin From Net: NetName=GND Pin=C27F-2
Removed Pin From Net: NetName=VCC Pin=C27G-1
Removed Pin From Net: NetName=GND Pin=C27G-2
Removed Pin From Net: NetName=VCC Pin=C27H-1
Removed Pin From Net: NetName=GND Pin=C27H-2
Removed Pin From Net: NetName=VCC Pin=C28A-1
Removed Pin From Net: NetName=GND Pin=C28A-2
Removed Pin From Net: NetName=VCC Pin=C28B-1
Removed Pin From Net: NetName=GND Pin=C28B-2
Removed Pin From Net: NetName=VCC Pin=C28C-1
Removed Pin From Net: NetName=GND Pin=C28C-2
Removed Pin From Net: NetName=VCC Pin=C28D-1
Removed Pin From Net: NetName=GND Pin=C28D-2
Removed Pin From Net: NetName=VCC Pin=C28E-1
Removed Pin From Net: NetName=GND Pin=C28E-2
Removed Pin From Net: NetName=VCC Pin=C28F-1
Removed Pin From Net: NetName=GND Pin=C28F-2
Removed Pin From Net: NetName=VCC Pin=C28G-1
Removed Pin From Net: NetName=GND Pin=C28G-2
Removed Pin From Net: NetName=VCC Pin=C28H-1
Removed Pin From Net: NetName=GND Pin=C28H-2
Removed Pin From Net: NetName=OVCC Pin=C29A-1
Removed Pin From Net: NetName=GND Pin=C29A-2
Removed Pin From Net: NetName=OVCC Pin=C29B-1
Removed Pin From Net: NetName=GND Pin=C29B-2
Removed Pin From Net: NetName=OVCC Pin=C29C-1
Removed Pin From Net: NetName=GND Pin=C29C-2
Removed Pin From Net: NetName=OVCC Pin=C29D-1
Removed Pin From Net: NetName=GND Pin=C29D-2
Removed Pin From Net: NetName=OVCC Pin=C29E-1
Removed Pin From Net: NetName=GND Pin=C29E-2
Removed Pin From Net: NetName=OVCC Pin=C29F-1
Removed Pin From Net: NetName=GND Pin=C29F-2
Removed Pin From Net: NetName=OVCC Pin=C29G-1
Removed Pin From Net: NetName=GND Pin=C29G-2
Removed Pin From Net: NetName=OVCC Pin=C29H-1
Removed Pin From Net: NetName=GND Pin=C29H-2
Removed Pin From Net: NetName=GND Pin=C30A-2
Removed Pin From Net: NetName=GND Pin=C30B-2
Removed Pin From Net: NetName=GND Pin=C30C-2
Removed Pin From Net: NetName=GND Pin=C30D-2
Removed Pin From Net: NetName=GND Pin=C30E-2
Removed Pin From Net: NetName=GND Pin=C30F-2
Removed Pin From Net: NetName=GND Pin=C30G-2
Removed Pin From Net: NetName=GND Pin=C30H-2
Removed Pin From Net: NetName=GND Pin=C31A-1
Removed Pin From Net: NetName=GND Pin=C31B-1
Removed Pin From Net: NetName=GND Pin=C31C-1
Removed Pin From Net: NetName=GND Pin=C31D-1
Removed Pin From Net: NetName=GND Pin=C31E-1
Removed Pin From Net: NetName=GND Pin=C31F-1
Removed Pin From Net: NetName=GND Pin=C31G-1
Removed Pin From Net: NetName=GND Pin=C31H-1
Removed Pin From Net: NetName=GND Pin=C33A-2
Removed Pin From Net: NetName=GND Pin=C33B-2
Removed Pin From Net: NetName=GND Pin=C33C-2
Removed Pin From Net: NetName=GND Pin=C33D-2
Removed Pin From Net: NetName=GND Pin=C33E-2
Removed Pin From Net: NetName=GND Pin=C33F-2
Removed Pin From Net: NetName=GND Pin=C33G-2
Removed Pin From Net: NetName=GND Pin=C33H-2
Removed Pin From Net: NetName=GND Pin=C46A-2
Removed Pin From Net: NetName=GND Pin=C46B-2
Removed Pin From Net: NetName=GND Pin=C47A-2
Removed Pin From Net: NetName=GND Pin=C47B-2
Removed Pin From Net: NetName=GND Pin=C48A-2
Removed Pin From Net: NetName=GND Pin=C48B-2
Removed Pin From Net: NetName=GND Pin=C49A-2
Removed Pin From Net: NetName=GND Pin=C49B-2
Removed Pin From Net: NetName=VCC Pin=C50A-1
Removed Pin From Net: NetName=GND Pin=C50A-2
Removed Pin From Net: NetName=VCC Pin=C50B-1
Removed Pin From Net: NetName=GND Pin=C50B-2
Removed Pin From Net: NetName=VCC Pin=C51A-1
Removed Pin From Net: NetName=GND Pin=C51A-2
Removed Pin From Net: NetName=VCC Pin=C51B-1
Removed Pin From Net: NetName=GND Pin=C51B-2
Removed Pin From Net: NetName=VCC Pin=C52A-1
Removed Pin From Net: NetName=GND Pin=C52A-2
Removed Pin From Net: NetName=VCC Pin=C52B-1
Removed Pin From Net: NetName=GND Pin=C52B-2
Removed Pin From Net: NetName=VCC Pin=C53A-1
Removed Pin From Net: NetName=GND Pin=C53A-2
Removed Pin From Net: NetName=VCC Pin=C53B-1
Removed Pin From Net: NetName=GND Pin=C53B-2
Removed Pin From Net: NetName=VCC Pin=C54A-1
Removed Pin From Net: NetName=GND Pin=C54A-2
Removed Pin From Net: NetName=VCC Pin=C54B-1
Removed Pin From Net: NetName=GND Pin=C54B-2
Removed Pin From Net: NetName=VCC Pin=C55A-1
Removed Pin From Net: NetName=GND Pin=C55A-2
Removed Pin From Net: NetName=VCC Pin=C55B-1
Removed Pin From Net: NetName=GND Pin=C55B-2
Removed Pin From Net: NetName=VCC Pin=C56A-1
Removed Pin From Net: NetName=GND Pin=C56A-2
Removed Pin From Net: NetName=VCC Pin=C56B-1
Removed Pin From Net: NetName=GND Pin=C56B-2
Removed Pin From Net: NetName=VCC Pin=C57A-1
Removed Pin From Net: NetName=GND Pin=C57A-2
Removed Pin From Net: NetName=VCC Pin=C57B-1
Removed Pin From Net: NetName=GND Pin=C57B-2
Removed Pin From Net: NetName=GND Pin=D1-2
Removed Pin From Net: NetName=VIN Pin=L1-1
Removed Pin From Net: NetName=VCC Pin=L2-2
Removed Pin From Net: NetName=VCC Pin=L3-1
Removed Pin From Net: NetName=VIN Pin=L4-1
Removed Pin From Net: NetName=VIN Pin=L6-1
Removed Pin From Net: NetName=VCC Pin=R9-2
Removed Pin From Net: NetName=GND Pin=R10-1
Removed Pin From Net: NetName=GND Pin=R11-1
Removed Pin From Net: NetName=GND Pin=R14A-1
Removed Pin From Net: NetName=GND Pin=R14B-1
Removed Pin From Net: NetName=GND Pin=R14C-1
Removed Pin From Net: NetName=GND Pin=R14D-1
Removed Pin From Net: NetName=GND Pin=R14E-1
Removed Pin From Net: NetName=GND Pin=R14F-1
Removed Pin From Net: NetName=GND Pin=R14G-1
Removed Pin From Net: NetName=GND Pin=R14H-1
Removed Pin From Net: NetName=AIN_A_P1 Pin=R15A-1
Removed Pin From Net: NetName=AIN_B_P1 Pin=R15B-1
Removed Pin From Net: NetName=AIN_A_N1 Pin=R16A-1
Removed Pin From Net: NetName=AIN_B_N1 Pin=R16B-1
Removed Pin From Net: NetName=AIN_A_P2 Pin=R18A-1
Removed Pin From Net: NetName=AIN_B_P2 Pin=R18B-1
Removed Pin From Net: NetName=AIN_A_N2 Pin=R19A-1
Removed Pin From Net: NetName=AIN_B_N2 Pin=R19B-1
Removed Pin From Net: NetName=AIN_A_P3 Pin=R21A-1
Removed Pin From Net: NetName=AIN_B_P3 Pin=R21B-1
Removed Pin From Net: NetName=AIN_A_N1 Pin=R22A-1
Removed Pin From Net: NetName=AIN_A_P1 Pin=R22A-2
Removed Pin From Net: NetName=AIN_B_N1 Pin=R22B-1
Removed Pin From Net: NetName=AIN_B_P1 Pin=R22B-2
Removed Pin From Net: NetName=AIN_A_N3 Pin=R24A-1
Removed Pin From Net: NetName=AIN_B_N3 Pin=R24B-1
Removed Pin From Net: NetName=AIN_A_P4 Pin=R26A-1
Removed Pin From Net: NetName=AIN_B_P4 Pin=R26B-1
Removed Pin From Net: NetName=AIN_A_N4 Pin=R27A-1
Removed Pin From Net: NetName=AIN_B_N4 Pin=R27B-1
Removed Pin From Net: NetName=AIN_A_N2 Pin=R31A-1
Removed Pin From Net: NetName=AIN_A_P2 Pin=R31A-2
Removed Pin From Net: NetName=AIN_B_N2 Pin=R31B-1
Removed Pin From Net: NetName=AIN_B_P2 Pin=R31B-2
Removed Pin From Net: NetName=AIN_A_N3 Pin=R42A-1
Removed Pin From Net: NetName=AIN_A_P3 Pin=R42A-2
Removed Pin From Net: NetName=AIN_B_N3 Pin=R42B-1
Removed Pin From Net: NetName=AIN_B_P3 Pin=R42B-2
Removed Pin From Net: NetName=AIN_A_N4 Pin=R51A-1
Removed Pin From Net: NetName=AIN_A_P4 Pin=R51A-2
Removed Pin From Net: NetName=AIN_B_N4 Pin=R51B-1
Removed Pin From Net: NetName=AIN_B_P4 Pin=R51B-2
Removed Pin From Net: NetName=GND Pin=TP14-1
Removed Pin From Net: NetName=VCC Pin=TP15-1
Removed Pin From Net: NetName=OVCC Pin=TP16-1
Removed Pin From Net: NetName=GND Pin=U1-4
Removed Pin From Net: NetName=GND Pin=U2-2
Removed Pin From Net: NetName=GND Pin=U2-4
Removed Pin From Net: NetName=OVCC Pin=U2-5
Removed Pin From Net: NetName=GND Pin=U3-1
Removed Pin From Net: NetName=GND Pin=U3-2
Removed Pin From Net: NetName=GND Pin=U5-1
Removed Pin From Net: NetName=GND Pin=U5-2
Removed Pin From Net: NetName=GND Pin=U6A-1
Removed Pin From Net: NetName=VCC Pin=U6A-4
Removed Pin From Net: NetName=GND Pin=U6A-5
Removed Pin From Net: NetName=GND Pin=U6A-8
Removed Pin From Net: NetName=CVN_B Pin=U6A-9
Removed Pin From Net: NetName=OVCC Pin=U6A-10
Removed Pin From Net: NetName=GND Pin=U6A-11
Removed Pin From Net: NetName=OVCC Pin=U6A-12
Removed Pin From Net: NetName=BOUT_N1 Pin=U6A-13
Removed Pin From Net: NetName=BOUT_P1 Pin=U6A-14
Removed Pin From Net: NetName=BCLK_N Pin=U6A-15
Removed Pin From Net: NetName=BCLK_P Pin=U6A-16
Removed Pin From Net: NetName=GND Pin=U6A-17
Removed Pin From Net: NetName=GND Pin=U6B-1
Removed Pin From Net: NetName=VCC Pin=U6B-4
Removed Pin From Net: NetName=GND Pin=U6B-5
Removed Pin From Net: NetName=GND Pin=U6B-8
Removed Pin From Net: NetName=CVN_A Pin=U6B-9
Removed Pin From Net: NetName=OVCC Pin=U6B-10
Removed Pin From Net: NetName=GND Pin=U6B-11
Removed Pin From Net: NetName=OVCC Pin=U6B-12
Removed Pin From Net: NetName=AOUT_N1 Pin=U6B-13
Removed Pin From Net: NetName=AOUT_P1 Pin=U6B-14
Removed Pin From Net: NetName=ACLK_N Pin=U6B-15
Removed Pin From Net: NetName=ACLK_P Pin=U6B-16
Removed Pin From Net: NetName=GND Pin=U6B-17
Removed Pin From Net: NetName=GND Pin=U6C-1
Removed Pin From Net: NetName=VCC Pin=U6C-4
Removed Pin From Net: NetName=GND Pin=U6C-5
Removed Pin From Net: NetName=GND Pin=U6C-8
Removed Pin From Net: NetName=CVN_A Pin=U6C-9
Removed Pin From Net: NetName=OVCC Pin=U6C-10
Removed Pin From Net: NetName=GND Pin=U6C-11
Removed Pin From Net: NetName=OVCC Pin=U6C-12
Removed Pin From Net: NetName=AOUT_N2 Pin=U6C-13
Removed Pin From Net: NetName=AOUT_P2 Pin=U6C-14
Removed Pin From Net: NetName=ACLK_N Pin=U6C-15
Removed Pin From Net: NetName=ACLK_P Pin=U6C-16
Removed Pin From Net: NetName=GND Pin=U6C-17
Removed Pin From Net: NetName=GND Pin=U6D-1
Removed Pin From Net: NetName=VCC Pin=U6D-4
Removed Pin From Net: NetName=GND Pin=U6D-5
Removed Pin From Net: NetName=GND Pin=U6D-8
Removed Pin From Net: NetName=CVN_B Pin=U6D-9
Removed Pin From Net: NetName=OVCC Pin=U6D-10
Removed Pin From Net: NetName=GND Pin=U6D-11
Removed Pin From Net: NetName=OVCC Pin=U6D-12
Removed Pin From Net: NetName=BOUT_N2 Pin=U6D-13
Removed Pin From Net: NetName=BOUT_P2 Pin=U6D-14
Removed Pin From Net: NetName=BCLK_N Pin=U6D-15
Removed Pin From Net: NetName=BCLK_P Pin=U6D-16
Removed Pin From Net: NetName=GND Pin=U6D-17
Removed Pin From Net: NetName=GND Pin=U6E-1
Removed Pin From Net: NetName=VCC Pin=U6E-4
Removed Pin From Net: NetName=GND Pin=U6E-5
Removed Pin From Net: NetName=GND Pin=U6E-8
Removed Pin From Net: NetName=CVN_A Pin=U6E-9
Removed Pin From Net: NetName=OVCC Pin=U6E-10
Removed Pin From Net: NetName=GND Pin=U6E-11
Removed Pin From Net: NetName=OVCC Pin=U6E-12
Removed Pin From Net: NetName=AOUT_N3 Pin=U6E-13
Removed Pin From Net: NetName=AOUT_P3 Pin=U6E-14
Removed Pin From Net: NetName=ACLK_N Pin=U6E-15
Removed Pin From Net: NetName=ACLK_P Pin=U6E-16
Removed Pin From Net: NetName=GND Pin=U6E-17
Removed Pin From Net: NetName=GND Pin=U6F-1
Removed Pin From Net: NetName=VCC Pin=U6F-4
Removed Pin From Net: NetName=GND Pin=U6F-5
Removed Pin From Net: NetName=GND Pin=U6F-8
Removed Pin From Net: NetName=CVN_B Pin=U6F-9
Removed Pin From Net: NetName=OVCC Pin=U6F-10
Removed Pin From Net: NetName=GND Pin=U6F-11
Removed Pin From Net: NetName=OVCC Pin=U6F-12
Removed Pin From Net: NetName=BOUT_N3 Pin=U6F-13
Removed Pin From Net: NetName=BOUT_P3 Pin=U6F-14
Removed Pin From Net: NetName=BCLK_N Pin=U6F-15
Removed Pin From Net: NetName=BCLK_P Pin=U6F-16
Removed Pin From Net: NetName=GND Pin=U6F-17
Removed Pin From Net: NetName=GND Pin=U6G-1
Removed Pin From Net: NetName=VCC Pin=U6G-4
Removed Pin From Net: NetName=GND Pin=U6G-5
Removed Pin From Net: NetName=GND Pin=U6G-8
Removed Pin From Net: NetName=CVN_A Pin=U6G-9
Removed Pin From Net: NetName=OVCC Pin=U6G-10
Removed Pin From Net: NetName=GND Pin=U6G-11
Removed Pin From Net: NetName=OVCC Pin=U6G-12
Removed Pin From Net: NetName=AOUT_N4 Pin=U6G-13
Removed Pin From Net: NetName=AOUT_P4 Pin=U6G-14
Removed Pin From Net: NetName=ACLK_N Pin=U6G-15
Removed Pin From Net: NetName=ACLK_P Pin=U6G-16
Removed Pin From Net: NetName=GND Pin=U6G-17
Removed Pin From Net: NetName=GND Pin=U6H-1
Removed Pin From Net: NetName=VCC Pin=U6H-4
Removed Pin From Net: NetName=GND Pin=U6H-5
Removed Pin From Net: NetName=GND Pin=U6H-8
Removed Pin From Net: NetName=CVN_B Pin=U6H-9
Removed Pin From Net: NetName=OVCC Pin=U6H-10
Removed Pin From Net: NetName=GND Pin=U6H-11
Removed Pin From Net: NetName=OVCC Pin=U6H-12
Removed Pin From Net: NetName=BOUT_N4 Pin=U6H-13
Removed Pin From Net: NetName=BOUT_P4 Pin=U6H-14
Removed Pin From Net: NetName=BCLK_N Pin=U6H-15
Removed Pin From Net: NetName=BCLK_P Pin=U6H-16
Removed Pin From Net: NetName=GND Pin=U6H-17
Removed Pin From Net: NetName=AIN_A_P1 Pin=U7A-3
Removed Pin From Net: NetName=GND Pin=U7A-4
Removed Pin From Net: NetName=AIN_A_N1 Pin=U7A-5
Removed Pin From Net: NetName=VCC Pin=U7A-8
Removed Pin From Net: NetName=AIN_B_P1 Pin=U7B-3
Removed Pin From Net: NetName=GND Pin=U7B-4
Removed Pin From Net: NetName=AIN_B_N1 Pin=U7B-5
Removed Pin From Net: NetName=VCC Pin=U7B-8
Removed Pin From Net: NetName=GND Pin=U8A-5
Removed Pin From Net: NetName=GND Pin=U8A-10
Removed Pin From Net: NetName=GND Pin=U8A-15
Removed Pin From Net: NetName=VCC Pin=U8A-20
Removed Pin From Net: NetName=GND Pin=U8A-23
Removed Pin From Net: NetName=GND Pin=U8A-24
Removed Pin From Net: NetName=VCC Pin=U8A-25
Removed Pin From Net: NetName=GND Pin=U8A-28
Removed Pin From Net: NetName=GND Pin=U8A-29
Removed Pin From Net: NetName=VCC Pin=U8A-30
Removed Pin From Net: NetName=GND Pin=U8A-33
Removed Pin From Net: NetName=GND Pin=U8A-34
Removed Pin From Net: NetName=VCC Pin=U8A-35
Removed Pin From Net: NetName=GND Pin=U8A-38
Removed Pin From Net: NetName=GND Pin=U8B-5
Removed Pin From Net: NetName=GND Pin=U8B-10
Removed Pin From Net: NetName=GND Pin=U8B-15
Removed Pin From Net: NetName=VCC Pin=U8B-20
Removed Pin From Net: NetName=GND Pin=U8B-23
Removed Pin From Net: NetName=GND Pin=U8B-24
Removed Pin From Net: NetName=VCC Pin=U8B-25
Removed Pin From Net: NetName=GND Pin=U8B-28
Removed Pin From Net: NetName=GND Pin=U8B-29
Removed Pin From Net: NetName=VCC Pin=U8B-30
Removed Pin From Net: NetName=GND Pin=U8B-33
Removed Pin From Net: NetName=GND Pin=U8B-34
Removed Pin From Net: NetName=VCC Pin=U8B-35
Removed Pin From Net: NetName=GND Pin=U8B-38
Removed Pin From Net: NetName=AIN_A_P2 Pin=U9A-3
Removed Pin From Net: NetName=GND Pin=U9A-4
Removed Pin From Net: NetName=AIN_A_N2 Pin=U9A-5
Removed Pin From Net: NetName=VCC Pin=U9A-8
Removed Pin From Net: NetName=AIN_B_P2 Pin=U9B-3
Removed Pin From Net: NetName=GND Pin=U9B-4
Removed Pin From Net: NetName=AIN_B_N2 Pin=U9B-5
Removed Pin From Net: NetName=VCC Pin=U9B-8
Removed Pin From Net: NetName=AIN_A_P3 Pin=U10A-3
Removed Pin From Net: NetName=GND Pin=U10A-4
Removed Pin From Net: NetName=AIN_A_N3 Pin=U10A-5
Removed Pin From Net: NetName=VCC Pin=U10A-8
Removed Pin From Net: NetName=AIN_B_P3 Pin=U10B-3
Removed Pin From Net: NetName=GND Pin=U10B-4
Removed Pin From Net: NetName=AIN_B_N3 Pin=U10B-5
Removed Pin From Net: NetName=VCC Pin=U10B-8
Removed Pin From Net: NetName=AIN_A_P4 Pin=U11A-3
Removed Pin From Net: NetName=GND Pin=U11A-4
Removed Pin From Net: NetName=AIN_A_N4 Pin=U11A-5
Removed Pin From Net: NetName=VCC Pin=U11A-8
Removed Pin From Net: NetName=AIN_B_P4 Pin=U11B-3
Removed Pin From Net: NetName=GND Pin=U11B-4
Removed Pin From Net: NetName=AIN_B_N4 Pin=U11B-5
Removed Pin From Net: NetName=VCC Pin=U11B-8
Added Member To Class: ClassName=U_CarrierConnector Member=Component R1 100R
Added Member To Class: ClassName=U_CarrierConnector Member=Component R2 100R
